### Starting TaskPrologue of job 1516844 on tg071 at Sat Jan 24 10:22:50 AM CET 2026
Running on cores 0-1,8-9,17-18,24-25 with governor ondemand
Sat Jan 24 10:22:50 2026       
+-----------------------------------------------------------------------------------------+
| NVIDIA-SMI 570.211.01             Driver Version: 570.211.01     CUDA Version: 12.8     |
|-----------------------------------------+------------------------+----------------------+
| GPU  Name                 Persistence-M | Bus-Id          Disp.A | Volatile Uncorr. ECC |
| Fan  Temp   Perf          Pwr:Usage/Cap |           Memory-Usage | GPU-Util  Compute M. |
|                                         |                        |               MIG M. |
|=========================================+========================+======================|
|   0  Tesla V100-PCIE-32GB           On  |   00000000:18:00.0 Off |                    0 |
| N/A   29C    P0             26W /  250W |       0MiB /  32768MiB |      0%      Default |
|                                         |                        |                  N/A |
+-----------------------------------------+------------------------+----------------------+
                                                                                         
+-----------------------------------------------------------------------------------------+
| Processes:                                                                              |
|  GPU   GI   CI              PID   Type   Process name                        GPU Memory |
|        ID   ID                                                               Usage      |
|=========================================================================================|
|  No running processes found                                                             |
+-----------------------------------------------------------------------------------------+
### Finished TaskPrologue

context_dim = 13
[seed=42] valid=6248 train=4998 test=1250 | Classical MAE: 40.90 %
[seed=42] epoch 01 | Test MAE: 23.95 % | Best: 23.95 % (ep 1)
[seed=42] epoch 05 | Test MAE: 22.45 % | Best: 22.45 % (ep 5)
[seed=42] epoch 10 | Test MAE: 22.24 % | Best: 22.24 % (ep 10)
[seed=42] epoch 20 | Test MAE: 21.68 % | Best: 21.68 % (ep 20)
[seed=42] epoch 30 | Test MAE: 21.26 % | Best: 21.26 % (ep 30)
[seed=42] epoch 50 | Test MAE: 20.91 % | Best: 20.91 % (ep 50)
[Classic calibration] a=-0.6979, b=58.7646

=== Classic RAW (cb) ===
Overall MAE: 40.90 %
00-020% | n= 273 | MAE=14.72 %
20-040% | n= 264 | MAE=18.98 %
40-060% | n= 240 | MAE=37.54 %
60-080% | n= 234 | MAE=59.33 %
80-100% | n= 239 | MAE=80.35 %

=== Classic CALIBRATED (a*cb+b) ===
Overall MAE: 23.65 %
00-020% | n= 273 | MAE=35.28 %
20-040% | n= 264 | MAE=19.89 %
40-060% | n= 240 | MAE=6.33 %
60-080% | n= 234 | MAE=17.24 %
80-100% | n= 239 | MAE=38.19 %

=== Overall ===
MAE:  20.91 %
P90:  43.31 %
P95:  48.07 %

=== MAE by True Distance Bin ===
00-020% | n= 273 | MAE=27.29 %
20-040% | n= 264 | MAE=20.19 %
40-060% | n= 240 | MAE=7.62 %
60-080% | n= 234 | MAE=14.20 %
80-100% | n= 239 | MAE=34.35 %

=== MAE by Near-Zero Post-Fault ===
near-zero=0 | n=1250 | MAE=20.91 %

=== Classic FLIPPED (100 - cb) ===
Overall MAE: 39.68 %
00-020% | n= 273 | MAE=69.53 %
20-040% | n= 264 | MAE=56.54 %
40-060% | n= 240 | MAE=37.73 %
60-080% | n= 234 | MAE=21.47 %
80-100% | n= 239 | MAE=6.76 %

=== Classic BEST-OF-TWO (min(|y-cb|, |y-(100-cb)|)) ===
Overall MAE: 17.85 %
00-020% | n= 273 | MAE=10.78 %
20-040% | n= 264 | MAE=18.50 %
40-060% | n= 240 | MAE=32.77 %
60-080% | n= 234 | MAE=21.37 %
80-100% | n= 239 | MAE=6.76 %

--- FINAL ---
Classical MAE: 40.90 %
KOL MAE (best): 20.91 % @ epoch 50
=== JOB_STATISTICS ===
=== current date     : Sat Jan 24 10:37:20 AM CET 2026
= Job-ID             : 1516844 on tinygpu
= Job-Name           : v100-train-code
= Job-Command        : /home/hpc/iwi5/iwi5305h/Masters_thesis_PR_LABS/job.sh
= Initial workdir    : /home/hpc/iwi5/iwi5305h/Masters_thesis_PR_LABS
= Queue/Partition    : v100
= Slurm account      : iwi5 with QOS=normal
= Requested resources:  for 03:00:00
= Elapsed runtime    : 00:14:30
= Total RAM usage    : 16.9 GiB of requested  GiB (%)   
= Node list          : tg071
= Subm/Elig/Start/End: 2026-01-24T10:22:35 / 2026-01-24T10:22:35 / 2026-01-24T10:22:49 / 2026-01-24T10:37:19
======================
=== Quota infos ======
    Path                 Used     SoftQ    HardQ    Gracetime  Filec    FileQ    FiHaQ    FileGrace    
    /home/hpc              61.6G   104.9G   209.7G        N/A     163K     500K   1,000K        N/A    
    /home/vault            91.2G  1048.6G  2097.2G        N/A  19,937      200K     400K        N/A    
======================
=== GPU utilization ==
gpu_name, gpu_bus_id, pid, gpu_utilization [%], mem_utilization [%], max_memory_usage [MiB], time [ms]
Tesla V100-PCIE-32GB, 00000000:18:00.0, 57716, 7 %, 0 %, 472 MiB, 815286 ms
